V3 24
FL C:/Users/Carlos/Desktop/LAB4-2024_l/LAB4/Relogio_digital/codigo_principal.vhd 2024/04/25.19:17:55 P.20131013
EN work/codigo_principal 1714083595 \
      FL C:/Users/Carlos/Desktop/LAB4-2024_l/LAB4/Relogio_digital/codigo_principal.vhd \
      PB ieee/std_logic_1164 1381692176
AR work/codigo_principal/Behavioral 1714083596 \
      FL C:/Users/Carlos/Desktop/LAB4-2024_l/LAB4/Relogio_digital/codigo_principal.vhd \
      EN work/codigo_principal 1714083595 CP deb CP display CP decoder
FL C:/Users/Carlos/Desktop/LAB4-2024_l/LAB4/Relogio_digital/deb.vhd 2024/04/25.19:14:23 P.20131013
EN work/deb 1714083589 \
      FL C:/Users/Carlos/Desktop/LAB4-2024_l/LAB4/Relogio_digital/deb.vhd \
      PB ieee/std_logic_1164 1381692176
AR work/deb/Behavioral 1714083590 \
      FL C:/Users/Carlos/Desktop/LAB4-2024_l/LAB4/Relogio_digital/deb.vhd \
      EN work/deb 1714083589
FL C:/Users/Carlos/Desktop/LAB4-2024_l/LAB4/Relogio_digital/decoder.vhd 2024/04/25.19:14:42 P.20131013
EN work/decoder 1714083593 \
      FL C:/Users/Carlos/Desktop/LAB4-2024_l/LAB4/Relogio_digital/decoder.vhd \
      PB ieee/std_logic_1164 1381692176
AR work/decoder/Behavioral 1714083594 \
      FL C:/Users/Carlos/Desktop/LAB4-2024_l/LAB4/Relogio_digital/decoder.vhd \
      EN work/decoder 1714083593
FL C:/Users/Carlos/Desktop/LAB4-2024_l/LAB4/Relogio_digital/display.vhd 2024/04/25.19:14:42 P.20131013
EN work/display 1714083591 \
      FL C:/Users/Carlos/Desktop/LAB4-2024_l/LAB4/Relogio_digital/display.vhd \
      PB ieee/std_logic_1164 1381692176
AR work/display/Behavioral 1714083592 \
      FL C:/Users/Carlos/Desktop/LAB4-2024_l/LAB4/Relogio_digital/display.vhd \
      EN work/display 1714083591
FL C:/Users/Carlos/Desktop/LAB4/Relogio_digital/codigo_principal.vhd 2023/09/23.16:38:52 P.20131013
FL C:/Users/Carlos/Desktop/LAB4/Relogio_digital/deb.vhd 2023/05/20.18:19:04 P.20131013
FL C:/Users/Carlos/Desktop/LAB4/Relogio_digital/decoder.vhd 2023/09/23.16:19:42 P.20131013
FL C:/Users/Carlos/Desktop/LAB4/Relogio_digital/display.vhd 2023/09/23.16:26:29 P.20131013
FL C:/Users/Carlos/Desktop/LAB4/Relogio_digital/ssd_decod.vhd 2023/09/23.16:19:42 P.20131013
FL C:/Users/Carlos/Desktop/MICRO_2023/LAB4/Relogio_digital/codigo_principal.vhd 2023/09/23.16:38:52 P.20131013
FL C:/Users/Carlos/Desktop/MICRO_2023/LAB4/Relogio_digital/deb.vhd 2023/09/24.10:57:58 P.20131013
FL C:/Users/Carlos/Desktop/MICRO_2023/LAB4/Relogio_digital/decoder.vhd 2023/09/24.10:59:54 P.20131013
FL C:/Users/Carlos/Desktop/MICRO_2023/LAB4/Relogio_digital/display.vhd 2023/09/24.10:58:57 P.20131013
