EN controle_garagem NULL C:/Users/Carlos/Desktop/LAB5/Controle_garagem/Controle_garagem.vhd sub00/vhpl00 1715968830
EN debounce NULL C:/Users/Carlos/Desktop/LAB5/Controle_garagem/debounce.vhd sub00/vhpl02 1715968828
AR controle_garagem behavioral C:/Users/Carlos/Desktop/LAB5/Controle_garagem/Controle_garagem.vhd sub00/vhpl01 1715968831
AR debounce behavioral C:/Users/Carlos/Desktop/LAB5/Controle_garagem/debounce.vhd sub00/vhpl03 1715968829
