PB adderpackage adderpackage C:/Users/Carlos/Desktop/SomaSIGNED/SomaSIGNED/SomaSIGNED/AdderPackage.vhd sub00/vhpl01 1718235234
EN signedadder NULL C:/Users/Carlos/Desktop/SomaSIGNED/SomaSIGNED/SomaSIGNED/SignedAdder.vhd sub00/vhpl02 1718235235
PH adderpackage NULL C:/Users/Carlos/Desktop/SomaSIGNED/SomaSIGNED/SomaSIGNED/AdderPackage.vhd sub00/vhpl00 1718235233
AR signedadder behavioral C:/Users/Carlos/Desktop/SomaSIGNED/SomaSIGNED/SomaSIGNED/SignedAdder.vhd sub00/vhpl03 1718235236
