AR alfabeto behavioral C:/Users/Carlos/Desktop/PA/teste/Alfabeto.vhd sub00/vhpl09 1718893879
AR lfsr_random behavioral C:/Users/Carlos/Desktop/teste/teste/LFSR_Random.vhd sub00/vhpl01 1718673187
EN lfsr_random_6bits NULL C:/Users/Carlos/Desktop/PA/teste/LFSR_Random.vhd sub00/vhpl06 1718893876
EN alfabeto NULL C:/Users/Carlos/Desktop/PA/teste/Alfabeto.vhd sub00/vhpl08 1718893878
AR binto7seg behavioral C:/Users/Carlos/Desktop/PA/teste/BinTo7Seg.vhd sub00/vhpl03 1718893881
EN lfsr_random NULL C:/Users/Carlos/Desktop/teste/teste/LFSR_Random.vhd sub00/vhpl00 1718673186
EN top NULL C:/Users/Carlos/Desktop/PA/teste/Top.vhd sub00/vhpl04 1718893882
EN binto7seg NULL C:/Users/Carlos/Desktop/PA/teste/BinTo7Seg.vhd sub00/vhpl02 1718893880
AR lfsr_random_6bits behavioral C:/Users/Carlos/Desktop/PA/teste/LFSR_Random.vhd sub00/vhpl07 1718893877
AR mensagens behavioral C:/Users/Carlos/Desktop/PA/teste/Mensagens.vhd sub00/vhpl11 1718830072
AR top behavioral C:/Users/Carlos/Desktop/PA/teste/Top.vhd sub00/vhpl05 1718893883
EN mensagens NULL C:/Users/Carlos/Desktop/PA/teste/Mensagens.vhd sub00/vhpl10 1718832505
